// Vitest Snapshot v1, https://vitest.dev/guide/snapshot.html

exports[`rollup 1`] = `
[
  "// main.js
function Component() {
  return /* @__PURE__ */ React.createElement("div", null, "I'm a div in a tsx component!");
}

function hello(s) {
  return "hello" + s;
}
let c = Component;
let num = 1;

export { c, hello, num };
",
  "// temp/main.d.ts
import { type Num } from './types';
export type Str = string;
export declare function hello(s: Str): Str;
export declare let c: React.JSX.Element;
export declare let num: Num;
",
  "// temp/types.d.ts
export type Num = number;
",
  "// temp/types2.d.ts
export type Num2 = number;
",
  "// temp/component.d.ts
export declare function Component(): React.JSX.Element;
",
]
`;
